Token refreshed OK

Multi-turn sentinel test: 5 turns each
Model: claude-opus-4-6-thinking
Endpoint: https://daily-cloudcode-pa.sandbox.googleapis.com


============================================================
TEST: "dot" | sentinel: "." | model: claude-opus-4-6-thinking
============================================================
  Turn 1: ✅ 200 OK — "" (1 messages, 1 sentinels in history)
  Turn 2: ✅ 200 OK — "" (3 messages, 2 sentinels in history)
  Turn 3: ✅ 200 OK — "" (5 messages, 3 sentinels in history)
  Turn 4: ✅ 200 OK — "" (7 messages, 4 sentinels in history)
  Turn 5: ✅ 200 OK — "" (9 messages, 5 sentinels in history)
  ✅ ALL 5 TURNS PASSED with sentinel "."

============================================================
TEST: "space" | sentinel: " " | model: claude-opus-4-6-thinking
============================================================
  Turn 1: ✅ 200 OK — "" (1 messages, 1 sentinels in history)
  Turn 2: ✅ 200 OK — "" (3 messages, 2 sentinels in history)
  Turn 3: ✅ 200 OK — "" (5 messages, 3 sentinels in history)
  Turn 4: ❌ FAIL status=503 — No capacity available for model claude-opus-4-6-thinking on the server
  STOPPED at turn 4/5 — sentinel " " FAILS on multi-turn

============================================================
TEST: "no-sentinel (filter)" | sentinel: null | model: claude-opus-4-6-thinking
============================================================
  Turn 1: ✅ 200 OK — "" (1 messages, 1 sentinels in history)
  Turn 2: ✅ 200 OK — "" (3 messages, 2 sentinels in history)
  Turn 3: ✅ 200 OK — "" (5 messages, 3 sentinels in history)
  Turn 4: ✅ 200 OK — "" (7 messages, 4 sentinels in history)
  Turn 5: ✅ 200 OK — "" (9 messages, 5 sentinels in history)
  ✅ ALL 5 TURNS PASSED with sentinel null

============================================================
TEST: "empty-string" | sentinel: "" | model: claude-opus-4-6-thinking
============================================================
  Turn 1: ✅ 200 OK — "" (1 messages, 1 sentinels in history)
  Turn 2: ❌ FAIL status=400 — {"type":"error","error":{"type":"invalid_request_error","message":"messages.1.content.0.text.text: Field required"},"request_id":"req_vrtx_011CbiZUmYHDoJ8QBYXYojvf"}
  STOPPED at turn 2/5 — sentinel "" FAILS on multi-turn

============================================================
TEST: "zwsp" | sentinel: "​" | model: claude-opus-4-6-thinking
============================================================
  Turn 1: ✅ 200 OK — "" (1 messages, 1 sentinels in history)
  Turn 2: ✅ 200 OK — "" (3 messages, 2 sentinels in history)
  Turn 3: ✅ 200 OK — "" (5 messages, 3 sentinels in history)
  Turn 4: ✅ 200 OK — "" (7 messages, 4 sentinels in history)
  Turn 5: ✅ 200 OK — "" (9 messages, 5 sentinels in history)
  ✅ ALL 5 TURNS PASSED with sentinel "​"

============================================================
ALL TESTS COMPLETE
============================================================
